Godot Engine v4.7.1.stable.official.a13da4feb - https://godotengine.org
Vulkan 1.4.354 - Forward+ - Using Device #0: AMD - AMD Radeon RX 7700 XT (RADV NAVI32)

[MESSAGE] - from NetworkManager: Listening on port 9001
[MESSAGE] - from NetworkManager: Listening on port 9002
[MESSAGE] - from NetworkManager: Listening on port 9003
[MESSAGE] - from NetworkManager: Listening on port 9004
[MESSAGE] - from NetworkManager: New TCP connection accepted. Handshaking...
[MESSAGE] - from NetworkManager: WebSocket Handshake complete. Channel OPEN.
[MESSAGE] - from NetworkManager: New TCP connection accepted. Handshaking...
[MESSAGE] - from NetworkManager: WebSocket Handshake complete. Channel OPEN.
[MESSAGE] - from NetworkManager: New TCP connection accepted. Handshaking...
[MESSAGE] - from NetworkManager: WebSocket Handshake complete. Channel OPEN.
[MESSAGE] - from NetworkManager: New TCP connection accepted. Handshaking...
[MESSAGE] - from NetworkManager: WebSocket Handshake complete. Channel OPEN.
[JSON] - from Received Raw Message:
{
    "data": {
        "item": "flower",
        "waypoint": "garden"
    },
    "receiver": "body",
    "sender": "vesna",
    "type": "spawn_item"
}
GameManager: Spawned flower at garden
[JSON] - from Received Raw Message:
{
    "data": {
        "radius": 800.0
    },
    "type": "start_wandering"
}
dog starting to wander with radius: 800.0 around (-569.0, -31.0)
dog picked random wander coordinate: (-944.9856, 321.2989)
dog reached wander target! Starting timer...
dog picked random wander coordinate: (-345.2509, 24.57239)
sci spotted Player, emitting: sighted_player
[JSON] - from Sent Data:
{
    "data": {
        "type": "sighted_player"
    },
    "receiver": "vesna",
    "sender": "body",
    "type": "regia_event"
}
[JSON] - from Received Raw Message:
{
    "data": {
        "text": "I have a proposal for you..."
    },
    "type": "utter"
}
sci queued utterance: 'I have a proposal for you...' (Queue size: 1)
sci is saying: 'I have a proposal for you...' (3s timer started)
Raycast hit: sci
[JSON] - from Sent Data:
{
    "data": {
        "type": "player_greet"
    },
    "receiver": "vesna",
    "sender": "body",
    "type": "regia_event"
}
[JSON] - from Received Raw Message:
{
    "data": {
        "text": "I have a proposal for you, but we must discuss it in my lab."
    },
    "type": "set_dialogue_text"
}
sci received new dialogue text: I have a proposal for you, but we must discuss it in my lab.
[JSON] - from Received Raw Message:
{
    "data": {},
    "type": "clear_dialogue_options"
}
sci cleared dialogue options.
[JSON] - from Received Raw Message:
{
    "data": {
        "options": [
            {
                "close_on_select": true,
                "event": "accept_intro",
                "id": "opt_exit",
                "text": "I'll follow you."
            }
        ]
    },
    "type": "add_dialogue_options"
}
sci added options. Total options: 1
dog reached wander target! Starting timer...
[JSON] - from Sent Data:
{
    "data": {
        "type": "accept_intro"
    },
    "receiver": "vesna",
    "sender": "body",
    "type": "regia_event"
}
[JSON] - from Received Raw Message:
{
    "data": {
        "target": "lab"
    },
    "type": "move_to"
}
sci finished speaking.
dog picked random wander coordinate: (-303.8577, 13.77853)
dog reached wander target! Starting timer...
sci reached directed waypoint: lab
[JSON] - from Sent Data:
{
    "data": {
        "status": "reached",
        "waypoint": "lab"
    },
    "receiver": "vesna",
    "sender": "body",
    "type": "navigation"
}
[JSON] - from Received Raw Message:
{
    "data": {
        "text": "Ah, finally some peace and quiet."
    },
    "type": "utter"
}
sci queued utterance: 'Ah, finally some peace and quiet.' (Queue size: 1)
sci is saying: 'Ah, finally some peace and quiet.' (3s timer started)
sci spotted Player, emitting: sighted_player
[JSON] - from Sent Data:
{
    "data": {
        "type": "sighted_player"
    },
    "receiver": "vesna",
    "sender": "body",
    "type": "regia_event"
}
[JSON] - from Received Raw Message:
{
    "data": {
        "text": "Have you found my magical flower yet?"
    },
    "type": "utter"
}
sci queued utterance: 'Have you found my magical flower yet?' (Queue size: 1)
dog picked random wander coordinate: (-253.2385, -45.09599)
Raycast hit: sci
[JSON] - from Sent Data:
{
    "data": {
        "type": "player_greet"
    },
    "receiver": "vesna",
    "sender": "body",
    "type": "regia_event"
}
[JSON] - from Received Raw Message:
{
    "data": {
        "text": "I need a flower for my experiment!"
    },
    "type": "set_dialogue_text"
}
sci received new dialogue text: I need a flower for my experiment!
[JSON] - from Received Raw Message:
{
    "data": {},
    "type": "clear_dialogue_options"
}
sci cleared dialogue options.
[JSON] - from Received Raw Message:
{
    "data": {
        "options": [
            {
                "close_on_select": false,
                "event": "ask_flower_reason",
                "id": "opt_ask_reason",
                "text": "Why do you need the flower?"
            }
        ]
    },
    "type": "add_dialogue_options"
}
sci added options. Total options: 1
[JSON] - from Received Raw Message:
{
    "data": {
        "options": [
            {
                "close_on_select": true,
                "event": "exit_dialogue",
                "id": "opt_exit",
                "text": "Goodbye."
            }
        ]
    },
    "type": "add_dialogue_options"
}
sci added options. Total options: 2
dog reached wander target! Starting timer...
sci finished speaking.
sci is saying: 'Have you found my magical flower yet?' (3s timer started)
[JSON] - from Sent Data:
{
    "data": {
        "type": "ask_flower_reason"
    },
    "receiver": "vesna",
    "sender": "body",
    "type": "regia_event"
}
[JSON] - from Received Raw Message:
{
    "data": {
        "text": "Because it has magical properties, of course!"
    },
    "type": "set_dialogue_text"
}
sci received new dialogue text: Because it has magical properties, of course!
[JSON] - from Received Raw Message:
{
    "data": {
        "id": "opt_ask_reason"
    },
    "type": "remove_dialogue_option"
}
sci removed dialogue option: opt_ask_reason
[JSON] - from Sent Data:
{
    "data": {
        "type": "exit_dialogue"
    },
    "receiver": "vesna",
    "sender": "body",
    "type": "regia_event"
}
[JSON] - from Received Raw Message:
{
    "data": {
        "text": "Don't dawdle! Science waits for no one!"
    },
    "type": "utter"
}
sci queued utterance: 'Don't dawdle! Science waits for no one!' (Queue size: 1)
dog picked random wander coordinate: (-558.8066, -58.37843)
dog reached wander target! Starting timer...
sci finished speaking.
sci is saying: 'Don't dawdle! Science waits for no one!' (3s timer started)
Raycast did not hit anything.
dog picked random wander coordinate: (-639.3416, -50.58831)
dog reached wander target! Starting timer...
Raycast hit: PickupItem
[JSON] - from Sent Data:
{
    "data": {
        "type": "picked_up_flower"
    },
    "receiver": "vesna",
    "sender": "body",
    "type": "regia_event"
}
[JSON] - from Sent Data:
{
    "data": {
        "type": "picked_up_flower"
    },
    "receiver": "vesna",
    "sender": "body",
    "type": "regia_event"
}
[JSON] - from Sent Data:
{
    "data": {
        "type": "picked_up_flower"
    },
    "receiver": "vesna",
    "sender": "body",
    "type": "regia_event"
}
[JSON] - from Sent Data:
{
    "data": {
        "type": "picked_up_flower"
    },
    "receiver": "vesna",
    "sender": "body",
    "type": "regia_event"
}
sci finished speaking.
Raycast hit: sci
[JSON] - from Sent Data:
{
    "data": {
        "type": "player_greet"
    },
    "receiver": "vesna",
    "sender": "body",
    "type": "regia_event"
}
[JSON] - from Received Raw Message:
{
    "data": {
        "text": "I need a flower for my experiment!"
    },
    "type": "set_dialogue_text"
}
sci received new dialogue text: I need a flower for my experiment!
[JSON] - from Received Raw Message:
{
    "data": {},
    "type": "clear_dialogue_options"
}
sci cleared dialogue options.
[JSON] - from Received Raw Message:
{
    "data": {
        "options": [
            {
                "close_on_select": false,
                "event": "ask_flower_reason",
                "id": "opt_ask_reason",
                "text": "Why do you need the flower?"
            }
        ]
    },
    "type": "add_dialogue_options"
}
sci added options. Total options: 1
[JSON] - from Received Raw Message:
{
    "data": {
        "options": [
            {
                "close_on_select": false,
                "event": "give_flower",
                "id": "opt_give_flower",
                "text": "Here is the flower."
            }
        ]
    },
    "type": "add_dialogue_options"
}
sci added options. Total options: 2
[JSON] - from Received Raw Message:
{
    "data": {
        "options": [
            {
                "close_on_select": true,
                "event": "exit_dialogue",
                "id": "opt_exit",
                "text": "Goodbye."
            }
        ]
    },
    "type": "add_dialogue_options"
}
sci added options. Total options: 3
dog picked random wander coordinate: (-502.8499, -114.9388)
dog reached wander target! Starting timer...
[JSON] - from Sent Data:
{
    "data": {
        "type": "give_flower"
    },
    "receiver": "vesna",
    "sender": "body",
    "type": "regia_event"
}
[JSON] - from Received Raw Message:
{
    "data": {
        "item": "flower"
    },
    "type": "remove_item"
}
[JSON] - from Received Raw Message:
{
    "data": {
        "text": "Excellent. Now I require a sturdy bone."
    },
    "type": "set_dialogue_text"
}
sci received new dialogue text: Excellent. Now I require a sturdy bone.
[JSON] - from Received Raw Message:
{
    "data": {},
    "type": "clear_dialogue_options"
}
sci cleared dialogue options.
[JSON] - from Received Raw Message:
{
    "data": {
        "options": [
            {
                "close_on_select": true,
                "event": "exit_dialogue",
                "id": "opt_exit",
                "text": "Goodbye."
            }
        ]
    },
    "type": "add_dialogue_options"
}
sci added options. Total options: 1
dog picked random wander coordinate: (-1134.432, -238.6189)
[JSON] - from Sent Data:
{
    "data": {
        "type": "exit_dialogue"
    },
    "receiver": "vesna",
    "sender": "body",
    "type": "regia_event"
}
[JSON] - from Received Raw Message:
{
    "data": {
        "text": "Hurry back!"
    },
    "type": "utter"
}
sci queued utterance: 'Hurry back!' (Queue size: 1)
sci is saying: 'Hurry back!' (3s timer started)
sci finished speaking.
[WARNING] - from NetworkManager: Connection lost or closed.
WARNING: NetworkManager: Connection lost or closed.
   at: push_warning (core/variant/variant_utility.cpp:1033)
   GDScript backtrace (most recent call first):
       [0] print_warning (res://libraries/warnings.gd:9)
       [1] _process (res://libraries/vesnaManager.gd:88)
[WARNING] - from NetworkManager: Connection lost or closed.
WARNING: NetworkManager: Connection lost or closed.
   at: push_warning (core/variant/variant_utility.cpp:1033)
   GDScript backtrace (most recent call first):
       [0] print_warning (res://libraries/warnings.gd:9)
       [1] _process (res://libraries/vesnaManager.gd:88)
[WARNING] - from NetworkManager: Connection lost or closed.
WARNING: NetworkManager: Connection lost or closed.
   at: push_warning (core/variant/variant_utility.cpp:1033)
   GDScript backtrace (most recent call first):
       [0] print_warning (res://libraries/warnings.gd:9)
       [1] _process (res://libraries/vesnaManager.gd:88)
[WARNING] - from NetworkManager: Connection lost or closed.
WARNING: NetworkManager: Connection lost or closed.
   at: push_warning (core/variant/variant_utility.cpp:1033)
   GDScript backtrace (most recent call first):
       [0] print_warning (res://libraries/warnings.gd:9)
       [1] _process (res://libraries/vesnaManager.gd:88)
dog reached wander target! Starting timer...
