Godot Engine v4.7.1.stable.official.a13da4feb - https://godotengine.org
Vulkan 1.4.303 - Forward+ - Using Device #0: NVIDIA - NVIDIA GeForce GTX 1650 with Max-Q Design

Dialogue database loaded successfully. Found 3 nodes.
[MESSAGE] - from NetworkManager: Listening on port 9200
[MESSAGE] - from NetworkManager: Listening on port 9001
[MESSAGE] - from NetworkManager: New TCP connection accepted. Handshaking...
[MESSAGE] - from NetworkManager: WebSocket Handshake complete. Channel OPEN.
[MESSAGE] - from NetworkManager: New TCP connection accepted. Handshaking...
[MESSAGE] - from NetworkManager: WebSocket Handshake complete. Channel OPEN.
[JSON] - from Received Raw Message:
{
    "data": {
        "node": "test_features"
    },
    "type": "set_dialogue"
}
test_npc received new dialogue node: test_features
Raycast hit: test_npc
VEsNA SIMULATION -> Sent event to Jason: test_utter from test_npc
[JSON] - from Sent Data:
{
    "data": {
        "type": "test_utter"
    },
    "receiver": "vesna",
    "sender": "body",
    "type": "regia_event"
}
[JSON] - from Received Raw Message:
{
    "data": {
        "text": "Behold my speech bubble!"
    },
    "type": "utter"
}
test_npc queued utterance: 'Behold my speech bubble!' (Queue size: 1)
test_npc is saying: 'Behold my speech bubble!' (3s timer started)
test_npc finished speaking.
VEsNA SIMULATION -> Sent event to Jason: test_spawn from test_npc
[JSON] - from Sent Data:
{
    "data": {
        "type": "test_spawn"
    },
    "receiver": "vesna",
    "sender": "body",
    "type": "regia_event"
}
[JSON] - from Received Raw Message:
{
    "data": {
        "item": "flower",
        "waypoint": "garden"
    },
    "receiver": "body",
    "sender": "vesna",
    "type": "spawn_item"
}
GameManager: Spawned flower at garden
[JSON] - from Received Raw Message:
{
    "data": {
        "text": "Flower conjured!"
    },
    "type": "utter"
}
test_npc queued utterance: 'Flower conjured!' (Queue size: 1)
test_npc is saying: 'Flower conjured!' (3s timer started)
test_npc finished speaking.
VEsNA SIMULATION -> Sent event to Jason: test_despawn from test_npc
[JSON] - from Sent Data:
{
    "data": {
        "type": "test_despawn"
    },
    "receiver": "vesna",
    "sender": "body",
    "type": "regia_event"
}
[JSON] - from Received Raw Message:
{
    "data": {
        "item": "flower"
    },
    "receiver": "body",
    "sender": "vesna",
    "type": "despawn_item"
}
GameManager: Despawned flower
[JSON] - from Received Raw Message:
{
    "data": {
        "text": "Flower banished!"
    },
    "type": "utter"
}
test_npc queued utterance: 'Flower banished!' (Queue size: 1)
test_npc is saying: 'Flower banished!' (3s timer started)
VEsNA SIMULATION -> Sent event to Jason: test_spawn from test_npc
[JSON] - from Sent Data:
{
    "data": {
        "type": "test_spawn"
    },
    "receiver": "vesna",
    "sender": "body",
    "type": "regia_event"
}
[JSON] - from Received Raw Message:
{
    "data": {
        "item": "flower",
        "waypoint": "garden"
    },
    "receiver": "body",
    "sender": "vesna",
    "type": "spawn_item"
}
GameManager: Spawned flower at garden
[JSON] - from Received Raw Message:
{
    "data": {
        "text": "Flower conjured!"
    },
    "type": "utter"
}
test_npc queued utterance: 'Flower conjured!' (Queue size: 1)
test_npc finished speaking.
test_npc is saying: 'Flower conjured!' (3s timer started)
Raycast hit: test_npc
test_npc finished speaking.
VEsNA SIMULATION -> Sent event to Jason: test_vanish from test_npc
[JSON] - from Sent Data:
{
    "data": {
        "type": "test_vanish"
    },
    "receiver": "vesna",
    "sender": "body",
    "type": "regia_event"
}
[JSON] - from Received Raw Message:
{
    "data": {
        "text": "Poof! I'm gone! (Wait 5 seconds)"
    },
    "type": "utter"
}
test_npc queued utterance: 'Poof! I'm gone! (Wait 5 seconds)' (Queue size: 1)
test_npc is saying: 'Poof! I'm gone! (Wait 5 seconds)' (3s timer started)
[JSON] - from Received Raw Message:
{
    "data": {
        "visible": false
    },
    "type": "set_visible"
}
test_npc visibility set to false
[JSON] - from Received Raw Message:
{
    "data": {
        "visible": true
    },
    "type": "set_visible"
}
test_npc visibility set to true
[JSON] - from Received Raw Message:
{
    "data": {
        "text": "And I'm back!"
    },
    "type": "utter"
}
test_npc queued utterance: 'And I'm back!' (Queue size: 1)
Raycast hit: test_npc
test_npc finished speaking.
test_npc is saying: 'And I'm back!' (3s timer started)
test_npc finished speaking.
Raycast hit: PickupItem
[JSON] - from Sent Data:
{
    "data": {
        "type": "picked_up_flower"
    },
    "receiver": "vesna",
    "sender": "body",
    "type": "regia_event"
}
[JSON] - from Received Raw Message:
{
    "data": {
        "text": "Hey! You took my flower!"
    },
    "type": "utter"
}
test_npc queued utterance: 'Hey! You took my flower!' (Queue size: 1)
test_npc is saying: 'Hey! You took my flower!' (3s timer started)
[JSON] - from Received Raw Message:
{
    "data": {
        "node": "thanks_for_flower"
    },
    "type": "set_dialogue"
}
test_npc received new dialogue node: thanks_for_flower
Raycast hit: test_npc
test_npc finished speaking.
