Godot Engine v4.7.1.stable.official.a13da4feb - https://godotengine.org
Vulkan 1.4.303 - Forward+ - Using Device #0: NVIDIA - NVIDIA GeForce GTX 1650 with Max-Q Design

Dialogue database loaded successfully. Found 8 nodes.
[MESSAGE] - from NetworkManager: Listening on port 9200
[MESSAGE] - from NetworkManager: Listening on port 9001
[MESSAGE] - from NetworkManager: Listening on port 9002
[MESSAGE] - from NetworkManager: New TCP connection accepted. Handshaking...
[MESSAGE] - from NetworkManager: WebSocket Handshake complete. Channel OPEN.
[MESSAGE] - from NetworkManager: New TCP connection accepted. Handshaking...
[MESSAGE] - from NetworkManager: WebSocket Handshake complete. Channel OPEN.
[MESSAGE] - from NetworkManager: New TCP connection accepted. Handshaking...
[MESSAGE] - from NetworkManager: WebSocket Handshake complete. Channel OPEN.
[JSON] - from Received Raw Message:
{
    "data": {
        "node": "test_features"
    },
    "type": "set_dialogue"
}
sci received new dialogue node: test_features
[JSON] - from Received Raw Message:
{
    "data": {
        "node": "cop_idle"
    },
    "type": "set_dialogue"
}
cop received new dialogue node: cop_idle
[JSON] - from Received Raw Message:
{
    "data": {
        "node": "test_features"
    },
    "type": "set_dialogue"
}
sci received new dialogue node: test_features
Raycast hit: cop
Raycast hit: sci
VEsNA SIMULATION -> Sent event to Jason: test_utter from sci
[JSON] - from Sent Data:
{
    "data": {
        "type": "test_utter"
    },
    "receiver": "vesna",
    "sender": "body",
    "type": "regia_event"
}
[JSON] - from Received Raw Message:
{
    "data": {
        "text": "Behold my speech bubble!"
    },
    "type": "utter"
}
sci queued utterance: 'Behold my speech bubble!' (Queue size: 1)
sci is saying: 'Behold my speech bubble!' (3s timer started)
sci finished speaking.
[WARNING] - from NetworkManager: Connection lost or closed.
WARNING: NetworkManager: Connection lost or closed.
   at: push_warning (core/variant/variant_utility.cpp:1033)
   GDScript backtrace (most recent call first):
       [0] print_warning (res://libraries/warnings.gd:9)
       [1] _process (res://libraries/vesnaManager.gd:79)
[WARNING] - from NetworkManager: Connection lost or closed.
WARNING: NetworkManager: Connection lost or closed.
   at: push_warning (core/variant/variant_utility.cpp:1033)
   GDScript backtrace (most recent call first):
       [0] print_warning (res://libraries/warnings.gd:9)
       [1] _process (res://libraries/vesnaManager.gd:79)
[WARNING] - from NetworkManager: Connection lost or closed.
WARNING: NetworkManager: Connection lost or closed.
   at: push_warning (core/variant/variant_utility.cpp:1033)
   GDScript backtrace (most recent call first):
       [0] print_warning (res://libraries/warnings.gd:9)
       [1] _process (res://libraries/vesnaManager.gd:79)
