Godot Engine v4.7.1.stable.official.a13da4feb - https://godotengine.org
Vulkan 1.4.354 - Forward+ - Using Device #0: AMD - AMD Radeon RX 7700 XT (RADV NAVI32)

Dialogue database loaded successfully. Found 8 nodes.
[MESSAGE] - from NetworkManager: Listening on port 9200
[MESSAGE] - from NetworkManager: Listening on port 9001
[MESSAGE] - from NetworkManager: Listening on port 9002
Raycast hit: cop
cop has no dialogue set by Jason right now.
Raycast hit: cop
cop has no dialogue set by Jason right now.
Raycast hit: cop
cop has no dialogue set by Jason right now.
Raycast hit: cop
cop has no dialogue set by Jason right now.
Raycast hit: cop
cop has no dialogue set by Jason right now.
Raycast hit: cop
cop has no dialogue set by Jason right now.
Raycast hit: sci
sci has no dialogue set by Jason right now.
Raycast hit: sci
sci has no dialogue set by Jason right now.
Raycast hit: sci
sci has no dialogue set by Jason right now.
