Godot Engine v4.7.1.stable.official.a13da4feb - https://godotengine.org
Vulkan 1.4.354 - Forward+ - Using Device #0: AMD - AMD Radeon RX 7700 XT (RADV NAVI32)

[MESSAGE] - from NetworkManager: Listening on port 9001
[MESSAGE] - from NetworkManager: Listening on port 9002
[MESSAGE] - from NetworkManager: Listening on port 9003
[MESSAGE] - from NetworkManager: Listening on port 9004
[MESSAGE] - from NetworkManager: New TCP connection accepted. Handshaking...
[MESSAGE] - from NetworkManager: WebSocket Handshake complete. Channel OPEN.
[MESSAGE] - from NetworkManager: New TCP connection accepted. Handshaking...
[MESSAGE] - from NetworkManager: WebSocket Handshake complete. Channel OPEN.
[MESSAGE] - from NetworkManager: New TCP connection accepted. Handshaking...
[MESSAGE] - from NetworkManager: WebSocket Handshake complete. Channel OPEN.
[MESSAGE] - from NetworkManager: New TCP connection accepted. Handshaking...
[MESSAGE] - from NetworkManager: WebSocket Handshake complete. Channel OPEN.
[JSON] - from Received Raw Message:
{
    "data": {
        "item": "flower",
        "waypoint": "garden"
    },
    "receiver": "body",
    "sender": "vesna",
    "type": "spawn_item"
}
GameManager: Spawned flower at garden
[JSON] - from Received Raw Message:
{
    "data": {
        "target": "lab"
    },
    "type": "move_to"
}
[JSON] - from Received Raw Message:
{
    "data": {
        "radius": 800.0
    },
    "type": "start_wandering"
}
dog starting to wander with radius: 800.0 around (-569.0, -31.0)
dog picked random wander coordinate: (-549.1989, 146.9487)
dog reached wander target! Starting timer...
dog picked random wander coordinate: (-604.3929, 727.6909)
sci reached directed waypoint: lab
[JSON] - from Sent Data:
{
    "data": {
        "status": "reached",
        "waypoint": "lab"
    },
    "receiver": "vesna",
    "sender": "body",
    "type": "navigation"
}
[JSON] - from Received Raw Message:
{
    "data": {
        "text": "Ah, finally some peace and quiet."
    },
    "type": "utter"
}
sci queued utterance: 'Ah, finally some peace and quiet.' (Queue size: 1)
sci is saying: 'Ah, finally some peace and quiet.' (3s timer started)
dog reached wander target! Starting timer...
sci finished speaking.
dog picked random wander coordinate: (-662.678, -158.3197)
dog reached wander target! Starting timer...
dog picked random wander coordinate: (-466.6353, -651.7847)
dog spotted Player, emitting: sighted_player
[JSON] - from Sent Data:
{
    "data": {
        "type": "sighted_player"
    },
    "receiver": "vesna",
    "sender": "body",
    "type": "regia_event"
}
[JSON] - from Received Raw Message:
{
    "data": {
        "text": "*Woof!*"
    },
    "type": "utter"
}
dog queued utterance: '*Woof!*' (Queue size: 1)
dog is saying: '*Woof!*' (3s timer started)
Raycast hit: dog
[JSON] - from Sent Data:
{
    "data": {
        "type": "player_greet"
    },
    "receiver": "vesna",
    "sender": "body",
    "type": "regia_event"
}
[JSON] - from Received Raw Message:
{
    "data": {
        "text": "*Woof*"
    },
    "type": "set_dialogue_text"
}
dog received new dialogue text: *Woof*
[JSON] - from Received Raw Message:
{
    "data": {},
    "type": "clear_dialogue_options"
}
dog cleared dialogue options.
[JSON] - from Received Raw Message:
{
    "data": {
        "options": [
            {
                "close_on_select": false,
                "event": "ask_dog_bone",
                "id": "opt_ask_bone",
                "text": "Give me the bone."
            }
        ]
    },
    "type": "add_dialogue_options"
}
dog added options. Total options: 1
[JSON] - from Received Raw Message:
{
    "data": {
        "options": [
            {
                "close_on_select": true,
                "event": "exit_dialogue",
                "id": "opt_exit",
                "text": "Goodbye."
            }
        ]
    },
    "type": "add_dialogue_options"
}
dog added options. Total options: 2
[JSON] - from Sent Data:
{
    "data": {
        "type": "exit_dialogue"
    },
    "receiver": "vesna",
    "sender": "body",
    "type": "regia_event"
}
dog picked random wander coordinate: (-614.3013, -169.0396)
dog reached wander target! Starting timer...
dog finished speaking.
dog picked random wander coordinate: (-813.0734, -84.79623)
dog reached wander target! Starting timer...
dog picked random wander coordinate: (-272.5077, -211.3414)
dog reached wander target! Starting timer...
