Godot Engine v4.7.1.stable.official.a13da4feb - https://godotengine.org
Vulkan 1.4.354 - Forward+ - Using Device #0: AMD - AMD Radeon RX 7700 XT (RADV NAVI32)

[MESSAGE] - from NetworkManager: Listening on port 9001
[MESSAGE] - from NetworkManager: Listening on port 9002
[MESSAGE] - from NetworkManager: Listening on port 9003
[MESSAGE] - from NetworkManager: Listening on port 9004
[MESSAGE] - from NetworkManager: New TCP connection accepted. Handshaking...
[MESSAGE] - from NetworkManager: WebSocket Handshake complete. Channel OPEN.
[MESSAGE] - from NetworkManager: New TCP connection accepted. Handshaking...
[MESSAGE] - from NetworkManager: WebSocket Handshake complete. Channel OPEN.
[MESSAGE] - from NetworkManager: New TCP connection accepted. Handshaking...
[MESSAGE] - from NetworkManager: WebSocket Handshake complete. Channel OPEN.
[MESSAGE] - from NetworkManager: New TCP connection accepted. Handshaking...
[MESSAGE] - from NetworkManager: WebSocket Handshake complete. Channel OPEN.
[JSON] - from Received Raw Message:
{
    "data": {
        "item": "flower",
        "waypoint": "garden"
    },
    "receiver": "body",
    "sender": "vesna",
    "type": "spawn_item"
}
GameManager: Spawned flower at garden
[JSON] - from Received Raw Message:
{
    "data": {
        "target": "lab"
    },
    "type": "move_to"
}
[JSON] - from Received Raw Message:
{
    "data": {
        "radius": 800.0
    },
    "type": "start_wandering"
}
dog starting to wander with radius: 800.0 around (-569.0, -31.0)
dog picked random wander coordinate: (-558.3746, -3.116236)
dog spotted Player, emitting: sighted_player
[JSON] - from Sent Data:
{
    "data": {
        "type": "sighted_player"
    },
    "receiver": "vesna",
    "sender": "body",
    "type": "regia_event"
}
[JSON] - from Received Raw Message:
{
    "data": {
        "text": "*Woof!*"
    },
    "type": "utter"
}
dog queued utterance: '*Woof!*' (Queue size: 1)
dog is saying: '*Woof!*' (3s timer started)
Raycast did not hit anything.
Raycast hit: dog
[JSON] - from Sent Data:
{
    "data": {
        "type": "player_greet"
    },
    "receiver": "vesna",
    "sender": "body",
    "type": "regia_event"
}
[JSON] - from Received Raw Message:
{
    "data": {
        "text": "*Woof*"
    },
    "type": "set_dialogue_text"
}
dog received new dialogue text: *Woof*
[JSON] - from Received Raw Message:
{
    "data": {},
    "type": "clear_dialogue_options"
}
dog cleared dialogue options.
[JSON] - from Received Raw Message:
{
    "data": {
        "options": [
            {
                "close_on_select": false,
                "event": "ask_dog_bone",
                "id": "opt_ask_bone",
                "text": "Give me the bone."
            }
        ]
    },
    "type": "add_dialogue_options"
}
dog added options. Total options: 1
[JSON] - from Received Raw Message:
{
    "data": {
        "options": [
            {
                "close_on_select": true,
                "event": "exit_dialogue",
                "id": "opt_exit",
                "text": "Goodbye."
            }
        ]
    },
    "type": "add_dialogue_options"
}
dog added options. Total options: 2
[JSON] - from Sent Data:
{
    "data": {
        "type": "exit_dialogue"
    },
    "receiver": "vesna",
    "sender": "body",
    "type": "regia_event"
}
dog picked random wander coordinate: (-465.5855, 476.4023)
dog finished speaking.
