Godot Engine v4.7.1.stable.official.a13da4feb - https://godotengine.org
Vulkan 1.4.354 - Forward+ - Using Device #0: AMD - AMD Radeon RX 7700 XT (RADV NAVI32)

[MESSAGE] - from NetworkManager: Listening on port 9001
[MESSAGE] - from NetworkManager: Listening on port 9002
[MESSAGE] - from NetworkManager: Listening on port 9003
[MESSAGE] - from NetworkManager: Listening on port 9004
[MESSAGE] - from NetworkManager: New TCP connection accepted. Handshaking...
[MESSAGE] - from NetworkManager: WebSocket Handshake complete. Channel OPEN.
[MESSAGE] - from NetworkManager: New TCP connection accepted. Handshaking...
[MESSAGE] - from NetworkManager: WebSocket Handshake complete. Channel OPEN.
[MESSAGE] - from NetworkManager: New TCP connection accepted. Handshaking...
[MESSAGE] - from NetworkManager: WebSocket Handshake complete. Channel OPEN.
[MESSAGE] - from NetworkManager: New TCP connection accepted. Handshaking...
[MESSAGE] - from NetworkManager: WebSocket Handshake complete. Channel OPEN.
[JSON] - from Received Raw Message:
{
    "data": {
        "item": "flower",
        "waypoint": "garden"
    },
    "receiver": "body",
    "sender": "vesna",
    "type": "spawn_item"
}
GameManager: Spawned flower at garden
[JSON] - from Received Raw Message:
{
    "data": {
        "radius": 800.0
    },
    "type": "start_wandering"
}
dog starting to wander with radius: 800.0 around (-569.0, -31.0)
dog picked random wander coordinate: (-567.6501, -41.18464)
dog reached wander target! Starting timer...
dog picked random wander coordinate: (-549.6196, -39.57966)
dog reached wander target! Starting timer...
Raycast hit: sci
[JSON] - from Sent Data:
{
    "data": {
        "type": "player_greet"
    },
    "receiver": "vesna",
    "sender": "body",
    "type": "regia_event"
}
[JSON] - from Received Raw Message:
{
    "data": {
        "text": "I have a proposal for you, but we must discuss it in my lab."
    },
    "type": "set_dialogue_text"
}
sci received new dialogue text: I have a proposal for you, but we must discuss it in my lab.
[JSON] - from Received Raw Message:
{
    "data": {},
    "type": "clear_dialogue_options"
}
sci cleared dialogue options.
[JSON] - from Received Raw Message:
{
    "data": {
        "options": [
            {
                "close_on_select": true,
                "event": "accept_intro",
                "id": "opt_exit",
                "text": "I'll follow you."
            }
        ]
    },
    "type": "add_dialogue_options"
}
sci added options. Total options: 1
[JSON] - from Sent Data:
{
    "data": {
        "type": "accept_intro"
    },
    "receiver": "vesna",
    "sender": "body",
    "type": "regia_event"
}
[JSON] - from Received Raw Message:
{
    "data": {
        "target": "lab"
    },
    "type": "move_to"
}
dog picked random wander coordinate: (-1084.597, 329.5209)
Raycast hit: PickupItem
[JSON] - from Sent Data:
{
    "data": {
        "type": "picked_up_flower"
    },
    "receiver": "vesna",
    "sender": "body",
    "type": "regia_event"
}
[JSON] - from Sent Data:
{
    "data": {
        "type": "picked_up_flower"
    },
    "receiver": "vesna",
    "sender": "body",
    "type": "regia_event"
}
[JSON] - from Sent Data:
{
    "data": {
        "type": "picked_up_flower"
    },
    "receiver": "vesna",
    "sender": "body",
    "type": "regia_event"
}
[JSON] - from Sent Data:
{
    "data": {
        "type": "picked_up_flower"
    },
    "receiver": "vesna",
    "sender": "body",
    "type": "regia_event"
}
dog reached wander target! Starting timer...
sci spotted Player, emitting: sighted_player
[JSON] - from Sent Data:
{
    "data": {
        "type": "sighted_player"
    },
    "receiver": "vesna",
    "sender": "body",
    "type": "regia_event"
}
[JSON] - from Received Raw Message:
{
    "data": {
        "text": "Follow me to the lab!"
    },
    "type": "utter"
}
sci queued utterance: 'Follow me to the lab!' (Queue size: 1)
sci is saying: 'Follow me to the lab!' (3s timer started)
sci reached directed waypoint: lab
[JSON] - from Sent Data:
{
    "data": {
        "status": "reached",
        "waypoint": "lab"
    },
    "receiver": "vesna",
    "sender": "body",
    "type": "navigation"
}
[JSON] - from Received Raw Message:
{
    "data": {
        "text": "Ah, finally some peace and quiet."
    },
    "type": "utter"
}
sci queued utterance: 'Ah, finally some peace and quiet.' (Queue size: 1)
Raycast hit: sci
[JSON] - from Sent Data:
{
    "data": {
        "type": "player_greet"
    },
    "receiver": "vesna",
    "sender": "body",
    "type": "regia_event"
}
[JSON] - from Received Raw Message:
{
    "data": {
        "text": "I need a flower for my experiment!"
    },
    "type": "set_dialogue_text"
}
sci received new dialogue text: I need a flower for my experiment!
[JSON] - from Received Raw Message:
{
    "data": {},
    "type": "clear_dialogue_options"
}
sci cleared dialogue options.
[JSON] - from Received Raw Message:
{
    "data": {
        "options": [
            {
                "close_on_select": false,
                "event": "ask_flower_reason",
                "id": "opt_ask_reason",
                "text": "Why do you need the flower?"
            }
        ]
    },
    "type": "add_dialogue_options"
}
sci added options. Total options: 1
[JSON] - from Received Raw Message:
{
    "data": {
        "options": [
            {
                "close_on_select": false,
                "event": "give_flower",
                "id": "opt_give_flower",
                "text": "Here is the flower."
            }
        ]
    },
    "type": "add_dialogue_options"
}
sci added options. Total options: 2
[JSON] - from Received Raw Message:
{
    "data": {
        "options": [
            {
                "close_on_select": true,
                "event": "exit_dialogue",
                "id": "opt_exit",
                "text": "Goodbye."
            }
        ]
    },
    "type": "add_dialogue_options"
}
sci added options. Total options: 3
dog picked random wander coordinate: (-1191.988, 226.617)
sci finished speaking.
sci is saying: 'Ah, finally some peace and quiet.' (3s timer started)
dog reached wander target! Starting timer...
[JSON] - from Sent Data:
{
    "data": {
        "type": "exit_dialogue"
    },
    "receiver": "vesna",
    "sender": "body",
    "type": "regia_event"
}
[JSON] - from Received Raw Message:
{
    "data": {
        "text": "Don't dawdle! Science waits for no one!"
    },
    "type": "utter"
}
sci queued utterance: 'Don't dawdle! Science waits for no one!' (Queue size: 1)
sci finished speaking.
sci is saying: 'Don't dawdle! Science waits for no one!' (3s timer started)
dog picked random wander coordinate: (-972.6241, 416.4384)
dog reached wander target! Starting timer...
[JSON] - from Sent Data:
{
    "data": {
        "type": "item_in_potion"
    },
    "receiver": "vesna",
    "sender": "body",
    "type": "regia_event"
}
[JSON] - from Received Raw Message:
{
    "data": {
        "text": "The potion violently explodes!"
    },
    "type": "utter"
}
sci queued utterance: 'The potion violently explodes!' (Queue size: 1)
[JSON] - from Received Raw Message:
{
    "data": {
        "reason": "Explosion"
    },
    "type": "trigger_game_over"
}
=========================================
GAME OVER! Reason: Explosion
=========================================
