Godot Engine v4.7.1.stable.official.a13da4feb - https://godotengine.org
Vulkan 1.4.303 - Forward+ - Using Device #0: NVIDIA - NVIDIA GeForce GTX 1650 with Max-Q Design

Dialogue database loaded successfully. Found 8 nodes.
[MESSAGE] - from NetworkManager: Listening on port 9200
[MESSAGE] - from NetworkManager: Listening on port 9001
[MESSAGE] - from NetworkManager: Listening on port 9002
[MESSAGE] - from NetworkManager: New TCP connection accepted. Handshaking...
[MESSAGE] - from NetworkManager: WebSocket Handshake complete. Channel OPEN.
[MESSAGE] - from NetworkManager: New TCP connection accepted. Handshaking...
[MESSAGE] - from NetworkManager: WebSocket Handshake complete. Channel OPEN.
[MESSAGE] - from NetworkManager: New TCP connection accepted. Handshaking...
[MESSAGE] - from NetworkManager: WebSocket Handshake complete. Channel OPEN.
[JSON] - from Received Raw Message:
{
    "data": {
        "node": "test_features"
    },
    "type": "set_dialogue"
}
sci received new dialogue node: test_features
[JSON] - from Received Raw Message:
{
    "data": {
        "node": "cop_idle"
    },
    "type": "set_dialogue"
}
cop received new dialogue node: cop_idle
[JSON] - from Received Raw Message:
{
    "data": {
        "node": "test_features"
    },
    "type": "set_dialogue"
}
sci received new dialogue node: test_features
Raycast hit: sci
VEsNA SIMULATION -> Sent event to Jason: test_utter from sci
[JSON] - from Sent Data:
{
    "data": {
        "type": "test_utter"
    },
    "receiver": "vesna",
    "sender": "body",
    "type": "regia_event"
}
[JSON] - from Received Raw Message:
{
    "data": {
        "text": "Behold my speech bubble!"
    },
    "type": "utter"
}
sci queued utterance: 'Behold my speech bubble!' (Queue size: 1)
sci is saying: 'Behold my speech bubble!' (3s timer started)
sci finished speaking.
VEsNA SIMULATION -> Sent event to Jason: test_spawn from sci
[JSON] - from Sent Data:
{
    "data": {
        "type": "test_spawn"
    },
    "receiver": "vesna",
    "sender": "body",
    "type": "regia_event"
}
[JSON] - from Received Raw Message:
{
    "data": {
        "item": "flower",
        "waypoint": "garden"
    },
    "receiver": "body",
    "sender": "vesna",
    "type": "spawn_item"
}
GameManager: Spawned flower at garden
[JSON] - from Received Raw Message:
{
    "data": {
        "text": "Flower conjured!"
    },
    "type": "utter"
}
sci queued utterance: 'Flower conjured!' (Queue size: 1)
sci is saying: 'Flower conjured!' (3s timer started)
VEsNA SIMULATION -> Sent event to Jason: test_despawn from sci
[JSON] - from Sent Data:
{
    "data": {
        "type": "test_despawn"
    },
    "receiver": "vesna",
    "sender": "body",
    "type": "regia_event"
}
[JSON] - from Received Raw Message:
{
    "data": {
        "item": "flower"
    },
    "receiver": "body",
    "sender": "vesna",
    "type": "despawn_item"
}
GameManager: Despawned flower
[JSON] - from Received Raw Message:
{
    "data": {
        "text": "Flower banished!"
    },
    "type": "utter"
}
sci queued utterance: 'Flower banished!' (Queue size: 1)
sci finished speaking.
sci is saying: 'Flower banished!' (3s timer started)
sci finished speaking.
VEsNA SIMULATION -> Sent event to Jason: test_despawn from sci
[JSON] - from Sent Data:
{
    "data": {
        "type": "test_despawn"
    },
    "receiver": "vesna",
    "sender": "body",
    "type": "regia_event"
}
[JSON] - from Received Raw Message:
{
    "data": {
        "item": "flower"
    },
    "receiver": "body",
    "sender": "vesna",
    "type": "despawn_item"
}
GameManager: Error despawning - Item 'flower' not found in world!
[JSON] - from Received Raw Message:
{
    "data": {
        "text": "Flower banished!"
    },
    "type": "utter"
}
sci queued utterance: 'Flower banished!' (Queue size: 1)
sci is saying: 'Flower banished!' (3s timer started)
sci finished speaking.
VEsNA SIMULATION -> Sent event to Jason: test_spawn from sci
[JSON] - from Sent Data:
{
    "data": {
        "type": "test_spawn"
    },
    "receiver": "vesna",
    "sender": "body",
    "type": "regia_event"
}
[JSON] - from Received Raw Message:
{
    "data": {
        "item": "flower",
        "waypoint": "garden"
    },
    "receiver": "body",
    "sender": "vesna",
    "type": "spawn_item"
}
GameManager: Spawned flower at garden
[JSON] - from Received Raw Message:
{
    "data": {
        "text": "Flower conjured!"
    },
    "type": "utter"
}
sci queued utterance: 'Flower conjured!' (Queue size: 1)
sci is saying: 'Flower conjured!' (3s timer started)
sci finished speaking.
Raycast hit: PickupItem
[JSON] - from Sent Data:
{
    "data": {
        "type": "picked_up_flower"
    },
    "receiver": "vesna",
    "sender": "body",
    "type": "regia_event"
}
[JSON] - from Received Raw Message:
{
    "data": {
        "text": "Hey! You took my flower!"
    },
    "type": "utter"
}
sci queued utterance: 'Hey! You took my flower!' (Queue size: 1)
sci is saying: 'Hey! You took my flower!' (3s timer started)
[JSON] - from Received Raw Message:
{
    "data": {
        "node": "scientist_angry"
    },
    "type": "set_dialogue"
}
sci received new dialogue node: scientist_angry
[JSON] - from Received Raw Message:
{
    "data": {
        "id": "opt_apologize"
    },
    "type": "add_dialogue_option"
}
[JSON] - from Received Raw Message:
{
    "data": {
        "id": "opt_bribe"
    },
    "type": "add_dialogue_option"
}
[JSON] - from Received Raw Message:
{
    "data": {
        "id": "opt_deny"
    },
    "type": "add_dialogue_option"
}
Raycast hit: sci
sci finished speaking.
VEsNA SIMULATION -> Sent event to Jason: deny_crime from sci
[JSON] - from Sent Data:
{
    "data": {
        "type": "deny_crime"
    },
    "receiver": "vesna",
    "sender": "body",
    "type": "regia_event"
}
[JSON] - from Received Raw Message:
{
    "data": {
        "text": "I am innocent! Ask the cop!"
    },
    "type": "utter"
}
sci queued utterance: 'I am innocent! Ask the cop!' (Queue size: 1)
[JSON] - from Received Raw Message:
{
    "data": {
        "text": "I have my eye on you, scientist."
    },
    "type": "utter"
}
cop queued utterance: 'I have my eye on you, scientist.' (Queue size: 1)
sci is saying: 'I am innocent! Ask the cop!' (3s timer started)
cop is saying: 'I have my eye on you, scientist.' (3s timer started)
[JSON] - from Received Raw Message:
{
    "data": {
        "id": "opt_deny"
    },
    "type": "remove_dialogue_option"
}
[JSON] - from Received Raw Message:
{
    "data": {
        "text": "The subplot has officially concluded!"
    },
    "type": "utter"
}
sci queued utterance: 'The subplot has officially concluded!' (Queue size: 1)
[JSON] - from Received Raw Message:
{
    "data": {
        "id": "opt_bribe"
    },
    "type": "remove_dialogue_option"
}
sci finished speaking.
cop finished speaking.
sci is saying: 'The subplot has officially concluded!' (3s timer started)
sci finished speaking.
Raycast hit: cop
Raycast hit: sci
VEsNA SIMULATION -> Sent event to Jason: test_spawn from sci
[JSON] - from Sent Data:
{
    "data": {
        "type": "test_spawn"
    },
    "receiver": "vesna",
    "sender": "body",
    "type": "regia_event"
}
[JSON] - from Received Raw Message:
{
    "data": {
        "text": "No more flowers for you!"
    },
    "type": "utter"
}
sci queued utterance: 'No more flowers for you!' (Queue size: 1)
sci is saying: 'No more flowers for you!' (3s timer started)
VEsNA SIMULATION -> Sent event to Jason: apologize_event from sci
[JSON] - from Sent Data:
{
    "data": {
        "type": "apologize_event"
    },
    "receiver": "vesna",
    "sender": "body",
    "type": "regia_event"
}
[JSON] - from Received Raw Message:
{
    "data": {
        "node": "apology_rejected"
    },
    "type": "update_dialogue"
}
sci finished speaking.
VEsNA SIMULATION -> Sent event to Jason: test_vanish from sci
[JSON] - from Sent Data:
{
    "data": {
        "type": "test_vanish"
    },
    "receiver": "vesna",
    "sender": "body",
    "type": "regia_event"
}
[JSON] - from Received Raw Message:
{
    "data": {
        "text": "Fine! I'm taking a deep breath..."
    },
    "type": "utter"
}
sci queued utterance: 'Fine! I'm taking a deep breath...' (Queue size: 1)
sci is saying: 'Fine! I'm taking a deep breath...' (3s timer started)
[JSON] - from Received Raw Message:
{
    "data": {
        "id": "opt_apologize"
    },
    "type": "remove_dialogue_option"
}
[JSON] - from Received Raw Message:
{
    "data": {
        "node": "test_features"
    },
    "type": "set_dialogue"
}
sci received new dialogue node: test_features
[JSON] - from Received Raw Message:
{
    "data": {
        "node": "test_features"
    },
    "type": "set_dialogue"
}
sci received new dialogue node: test_features
sci finished speaking.
Raycast hit: sci
VEsNA SIMULATION -> Sent event to Jason: test_spawn from sci
[JSON] - from Sent Data:
{
    "data": {
        "type": "test_spawn"
    },
    "receiver": "vesna",
    "sender": "body",
    "type": "regia_event"
}
[JSON] - from Received Raw Message:
{
    "data": {
        "item": "flower",
        "waypoint": "garden"
    },
    "receiver": "body",
    "sender": "vesna",
    "type": "spawn_item"
}
GameManager: Spawned flower at garden
[JSON] - from Received Raw Message:
{
    "data": {
        "text": "Flower conjured!"
    },
    "type": "utter"
}
sci queued utterance: 'Flower conjured!' (Queue size: 1)
sci is saying: 'Flower conjured!' (3s timer started)
sci finished speaking.
Raycast hit: PickupItem
[JSON] - from Sent Data:
{
    "data": {
        "type": "picked_up_flower"
    },
    "receiver": "vesna",
    "sender": "body",
    "type": "regia_event"
}
[JSON] - from Received Raw Message:
{
    "data": {
        "text": "Hey! You took my flower!"
    },
    "type": "utter"
}
sci queued utterance: 'Hey! You took my flower!' (Queue size: 1)
sci is saying: 'Hey! You took my flower!' (3s timer started)
[JSON] - from Received Raw Message:
{
    "data": {
        "id": "opt_bribe"
    },
    "type": "add_dialogue_option"
}
[JSON] - from Received Raw Message:
{
    "data": {
        "node": "scientist_angry"
    },
    "type": "set_dialogue"
}
sci received new dialogue node: scientist_angry
[JSON] - from Received Raw Message:
{
    "data": {
        "id": "opt_apologize"
    },
    "type": "add_dialogue_option"
}
[JSON] - from Received Raw Message:
{
    "data": {
        "id": "opt_deny"
    },
    "type": "add_dialogue_option"
}
Raycast hit: sci
sci finished speaking.
[WARNING] - from NetworkManager: Connection lost or closed.
WARNING: NetworkManager: Connection lost or closed.
   at: push_warning (core/variant/variant_utility.cpp:1033)
   GDScript backtrace (most recent call first):
       [0] print_warning (res://libraries/warnings.gd:9)
       [1] _process (res://libraries/vesnaManager.gd:79)
[WARNING] - from NetworkManager: Connection lost or closed.
WARNING: NetworkManager: Connection lost or closed.
   at: push_warning (core/variant/variant_utility.cpp:1033)
   GDScript backtrace (most recent call first):
       [0] print_warning (res://libraries/warnings.gd:9)
       [1] _process (res://libraries/vesnaManager.gd:79)
[WARNING] - from NetworkManager: Connection lost or closed.
WARNING: NetworkManager: Connection lost or closed.
   at: push_warning (core/variant/variant_utility.cpp:1033)
   GDScript backtrace (most recent call first):
       [0] print_warning (res://libraries/warnings.gd:9)
       [1] _process (res://libraries/vesnaManager.gd:79)
