Godot Engine v4.7.1.stable.official.a13da4feb - https://godotengine.org
Vulkan 1.4.354 - Forward+ - Using Device #0: AMD - AMD Radeon RX 7700 XT (RADV NAVI32)

[MESSAGE] - from NetworkManager: Listening on port 9001
[MESSAGE] - from NetworkManager: Listening on port 9002
[MESSAGE] - from NetworkManager: Listening on port 9003
[MESSAGE] - from NetworkManager: Listening on port 9004
[MESSAGE] - from NetworkManager: New TCP connection accepted. Handshaking...
[MESSAGE] - from NetworkManager: WebSocket Handshake complete. Channel OPEN.
[MESSAGE] - from NetworkManager: New TCP connection accepted. Handshaking...
[MESSAGE] - from NetworkManager: WebSocket Handshake complete. Channel OPEN.
[MESSAGE] - from NetworkManager: New TCP connection accepted. Handshaking...
[MESSAGE] - from NetworkManager: WebSocket Handshake complete. Channel OPEN.
[MESSAGE] - from NetworkManager: New TCP connection accepted. Handshaking...
[MESSAGE] - from NetworkManager: WebSocket Handshake complete. Channel OPEN.
[JSON] - from Received Raw Message:
{
    "data": {
        "item": "flower",
        "waypoint": "garden"
    },
    "receiver": "body",
    "sender": "vesna",
    "type": "spawn_item"
}
GameManager: Spawned flower at garden
[JSON] - from Received Raw Message:
{
    "data": {
        "radius": 800.0
    },
    "type": "start_wandering"
}
dog starting to wander with radius: 800.0 around (-569.0, -31.0)
dog picked random wander coordinate: (-656.9065, -164.1295)
dog reached wander target! Starting timer...
dog picked random wander coordinate: (-455.2613, 131.7689)
dog reached wander target! Starting timer...
Raycast hit: PickupItem
[JSON] - from Sent Data:
{
    "data": {
        "type": "picked_up_flower"
    },
    "receiver": "vesna",
    "sender": "body",
    "type": "regia_event"
}
[JSON] - from Sent Data:
{
    "data": {
        "type": "picked_up_flower"
    },
    "receiver": "vesna",
    "sender": "body",
    "type": "regia_event"
}
[JSON] - from Sent Data:
{
    "data": {
        "type": "picked_up_flower"
    },
    "receiver": "vesna",
    "sender": "body",
    "type": "regia_event"
}
[JSON] - from Sent Data:
{
    "data": {
        "type": "picked_up_flower"
    },
    "receiver": "vesna",
    "sender": "body",
    "type": "regia_event"
}
dog picked random wander coordinate: (-605.1858, 119.4639)
dog reached wander target! Starting timer...
Raycast hit: dog
[JSON] - from Sent Data:
{
    "data": {
        "type": "player_greet"
    },
    "receiver": "vesna",
    "sender": "body",
    "type": "regia_event"
}
[JSON] - from Received Raw Message:
{
    "data": {
        "text": "*Woof*"
    },
    "type": "set_dialogue_text"
}
dog received new dialogue text: *Woof*
[JSON] - from Received Raw Message:
{
    "data": {},
    "type": "clear_dialogue_options"
}
dog cleared dialogue options.
[JSON] - from Received Raw Message:
{
    "data": {
        "options": [
            {
                "close_on_select": true,
                "event": "exit_dialogue",
                "id": "opt_exit",
                "text": "Goodbye."
            }
        ]
    },
    "type": "add_dialogue_options"
}
dog added options. Total options: 1
[JSON] - from Sent Data:
{
    "data": {
        "type": "exit_dialogue"
    },
    "receiver": "vesna",
    "sender": "body",
    "type": "regia_event"
}
dog picked random wander coordinate: (-1083.591, -370.1307)
dog reached wander target! Starting timer...
sci spotted Player, emitting: sighted_player
[JSON] - from Sent Data:
{
    "data": {
        "type": "sighted_player"
    },
    "receiver": "vesna",
    "sender": "body",
    "type": "regia_event"
}
[JSON] - from Received Raw Message:
{
    "data": {
        "text": "I have a proposal for you..."
    },
    "type": "utter"
}
sci queued utterance: 'I have a proposal for you...' (Queue size: 1)
sci is saying: 'I have a proposal for you...' (3s timer started)
Raycast hit: sci
[JSON] - from Sent Data:
{
    "data": {
        "type": "player_greet"
    },
    "receiver": "vesna",
    "sender": "body",
    "type": "regia_event"
}
[JSON] - from Received Raw Message:
{
    "data": {
        "text": "I have a proposal for you, but we must discuss it in my lab."
    },
    "type": "set_dialogue_text"
}
sci received new dialogue text: I have a proposal for you, but we must discuss it in my lab.
[JSON] - from Received Raw Message:
{
    "data": {},
    "type": "clear_dialogue_options"
}
sci cleared dialogue options.
[JSON] - from Received Raw Message:
{
    "data": {
        "options": [
            {
                "close_on_select": true,
                "event": "accept_intro",
                "id": "opt_exit",
                "text": "I'll follow you."
            }
        ]
    },
    "type": "add_dialogue_options"
}
sci added options. Total options: 1
[JSON] - from Sent Data:
{
    "data": {
        "type": "accept_intro"
    },
    "receiver": "vesna",
    "sender": "body",
    "type": "regia_event"
}
[JSON] - from Received Raw Message:
{
    "data": {
        "target": "lab"
    },
    "type": "move_to"
}
sci finished speaking.
dog picked random wander coordinate: (-525.9896, 108.1837)
dog reached wander target! Starting timer...
cop spotted Player, emitting: sighted_player
[JSON] - from Sent Data:
{
    "data": {
        "type": "sighted_player"
    },
    "receiver": "vesna",
    "sender": "body",
    "type": "regia_event"
}
[JSON] - from Received Raw Message:
{
    "data": {
        "text": "Nothing to report."
    },
    "type": "utter"
}
cop queued utterance: 'Nothing to report.' (Queue size: 1)
cop is saying: 'Nothing to report.' (3s timer started)
Raycast hit: cop
[JSON] - from Sent Data:
{
    "data": {
        "type": "player_greet"
    },
    "receiver": "vesna",
    "sender": "body",
    "type": "regia_event"
}
