Godot Engine v4.7.1.stable.official.a13da4feb - https://godotengine.org
Vulkan 1.4.354 - Forward+ - Using Device #0: AMD - AMD Radeon RX 7700 XT (RADV NAVI32)

[MESSAGE] - from NetworkManager: Listening on port 9001
[MESSAGE] - from NetworkManager: Listening on port 9002
[MESSAGE] - from NetworkManager: Listening on port 9003
[MESSAGE] - from NetworkManager: Listening on port 9004
[MESSAGE] - from NetworkManager: New TCP connection accepted. Handshaking...
[MESSAGE] - from NetworkManager: WebSocket Handshake complete. Channel OPEN.
[MESSAGE] - from NetworkManager: New TCP connection accepted. Handshaking...
[MESSAGE] - from NetworkManager: WebSocket Handshake complete. Channel OPEN.
[MESSAGE] - from NetworkManager: New TCP connection accepted. Handshaking...
[MESSAGE] - from NetworkManager: WebSocket Handshake complete. Channel OPEN.
[MESSAGE] - from NetworkManager: New TCP connection accepted. Handshaking...
[MESSAGE] - from NetworkManager: WebSocket Handshake complete. Channel OPEN.
[JSON] - from Received Raw Message:
{
    "data": {
        "item": "flower",
        "waypoint": "garden"
    },
    "receiver": "body",
    "sender": "vesna",
    "type": "spawn_item"
}
GameManager: Spawned flower at garden
[JSON] - from Received Raw Message:
{
    "data": {
        "radius": 800.0
    },
    "type": "start_wandering"
}
dog starting to wander with radius: 800.0 around (-569.0, -31.0)
dog picked random wander coordinate: (-97.4852, 345.4891)
dog reached wander target! Starting timer...
Raycast hit: cop
[JSON] - from Sent Data:
{
    "data": {
        "type": "player_greet"
    },
    "receiver": "vesna",
    "sender": "body",
    "type": "regia_event"
}
[JSON] - from Received Raw Message:
{
    "data": {
        "text": "Move along, citizen. Nothing to see here."
    },
    "type": "set_dialogue_text"
}
cop received new dialogue text: Move along, citizen. Nothing to see here.
[JSON] - from Received Raw Message:
{
    "data": {},
    "type": "clear_dialogue_options"
}
cop cleared dialogue options.
[JSON] - from Received Raw Message:
{
    "data": {
        "options": [
            {
                "close_on_select": true,
                "event": "exit_dialogue",
                "id": "opt_exit",
                "text": "Goodbye."
            }
        ]
    },
    "type": "add_dialogue_options"
}
cop added options. Total options: 1
[JSON] - from Sent Data:
{
    "data": {
        "type": "exit_dialogue"
    },
    "receiver": "vesna",
    "sender": "body",
    "type": "regia_event"
}
dog picked random wander coordinate: (-432.2892, -139.4959)
dog reached wander target! Starting timer...
Raycast hit: PickupItem
[JSON] - from Sent Data:
{
    "data": {
        "type": "picked_up_flower"
    },
    "receiver": "vesna",
    "sender": "body",
    "type": "regia_event"
}
[JSON] - from Sent Data:
{
    "data": {
        "type": "picked_up_flower"
    },
    "receiver": "vesna",
    "sender": "body",
    "type": "regia_event"
}
[JSON] - from Sent Data:
{
    "data": {
        "type": "picked_up_flower"
    },
    "receiver": "vesna",
    "sender": "body",
    "type": "regia_event"
}
[JSON] - from Sent Data:
{
    "data": {
        "type": "picked_up_flower"
    },
    "receiver": "vesna",
    "sender": "body",
    "type": "regia_event"
}
dog picked random wander coordinate: (-481.1413, -3.592257)
dog reached wander target! Starting timer...
dog picked random wander coordinate: (-1102.696, -107.5567)
sci spotted Player, emitting: sighted_player
[JSON] - from Sent Data:
{
    "data": {
        "type": "sighted_player"
    },
    "receiver": "vesna",
    "sender": "body",
    "type": "regia_event"
}
[JSON] - from Received Raw Message:
{
    "data": {
        "text": "I have a proposal for you..."
    },
    "type": "utter"
}
sci queued utterance: 'I have a proposal for you...' (Queue size: 1)
sci is saying: 'I have a proposal for you...' (3s timer started)
Raycast hit: sci
[JSON] - from Sent Data:
{
    "data": {
        "type": "player_greet"
    },
    "receiver": "vesna",
    "sender": "body",
    "type": "regia_event"
}
[JSON] - from Received Raw Message:
{
    "data": {
        "text": "I have a proposal for you, but we must discuss it in my lab."
    },
    "type": "set_dialogue_text"
}
sci received new dialogue text: I have a proposal for you, but we must discuss it in my lab.
[JSON] - from Received Raw Message:
{
    "data": {},
    "type": "clear_dialogue_options"
}
sci cleared dialogue options.
[JSON] - from Received Raw Message:
{
    "data": {
        "options": [
            {
                "close_on_select": true,
                "event": "accept_intro",
                "id": "opt_exit",
                "text": "I'll follow you."
            }
        ]
    },
    "type": "add_dialogue_options"
}
sci added options. Total options: 1
[JSON] - from Sent Data:
{
    "data": {
        "type": "accept_intro"
    },
    "receiver": "vesna",
    "sender": "body",
    "type": "regia_event"
}
[JSON] - from Received Raw Message:
{
    "data": {
        "target": "lab"
    },
    "type": "move_to"
}
sci finished speaking.
dog reached wander target! Starting timer...
dog picked random wander coordinate: (-734.0367, 659.2252)
sci reached directed waypoint: lab
[JSON] - from Sent Data:
{
    "data": {
        "status": "reached",
        "waypoint": "lab"
    },
    "receiver": "vesna",
    "sender": "body",
    "type": "navigation"
}
[JSON] - from Received Raw Message:
{
    "data": {
        "text": "Ah, finally some peace and quiet."
    },
    "type": "utter"
}
sci queued utterance: 'Ah, finally some peace and quiet.' (Queue size: 1)
sci is saying: 'Ah, finally some peace and quiet.' (3s timer started)
Raycast hit: sci
[JSON] - from Sent Data:
{
    "data": {
        "type": "player_greet"
    },
    "receiver": "vesna",
    "sender": "body",
    "type": "regia_event"
}
[JSON] - from Received Raw Message:
{
    "data": {
        "text": "I need a flower for my experiment!"
    },
    "type": "set_dialogue_text"
}
sci received new dialogue text: I need a flower for my experiment!
[JSON] - from Received Raw Message:
{
    "data": {},
    "type": "clear_dialogue_options"
}
sci cleared dialogue options.
[JSON] - from Received Raw Message:
{
    "data": {
        "options": [
            {
                "close_on_select": false,
                "event": "ask_flower_reason",
                "id": "opt_ask_reason",
                "text": "Why do you need the flower?"
            }
        ]
    },
    "type": "add_dialogue_options"
}
sci added options. Total options: 1
[JSON] - from Received Raw Message:
{
    "data": {
        "options": [
            {
                "close_on_select": false,
                "event": "give_flower",
                "id": "opt_give_flower",
                "text": "Here is the flower."
            }
        ]
    },
    "type": "add_dialogue_options"
}
sci added options. Total options: 2
[JSON] - from Received Raw Message:
{
    "data": {
        "options": [
            {
                "close_on_select": true,
                "event": "exit_dialogue",
                "id": "opt_exit",
                "text": "Goodbye."
            }
        ]
    },
    "type": "add_dialogue_options"
}
sci added options. Total options: 3
dog reached wander target! Starting timer...
[JSON] - from Sent Data:
{
    "data": {
        "type": "ask_flower_reason"
    },
    "receiver": "vesna",
    "sender": "body",
    "type": "regia_event"
}
[JSON] - from Received Raw Message:
{
    "data": {
        "text": "Because it has magical properties, of course!"
    },
    "type": "set_dialogue_text"
}
sci received new dialogue text: Because it has magical properties, of course!
[JSON] - from Received Raw Message:
{
    "data": {
        "id": "opt_ask_reason"
    },
    "type": "remove_dialogue_option"
}
sci removed dialogue option: opt_ask_reason
sci finished speaking.
dog picked random wander coordinate: (-513.4678, -531.4312)
[JSON] - from Sent Data:
{
    "data": {
        "type": "give_flower"
    },
    "receiver": "vesna",
    "sender": "body",
    "type": "regia_event"
}
[JSON] - from Received Raw Message:
{
    "data": {
        "item": "flower"
    },
    "type": "remove_item"
}
[JSON] - from Received Raw Message:
{
    "data": {
        "text": "Excellent. Now I require a sturdy bone."
    },
    "type": "set_dialogue_text"
}
sci received new dialogue text: Excellent. Now I require a sturdy bone.
[JSON] - from Received Raw Message:
{
    "data": {},
    "type": "clear_dialogue_options"
}
sci cleared dialogue options.
[JSON] - from Received Raw Message:
{
    "data": {
        "options": [
            {
                "close_on_select": true,
                "event": "exit_dialogue",
                "id": "opt_exit",
                "text": "Goodbye."
            }
        ]
    },
    "type": "add_dialogue_options"
}
sci added options. Total options: 1
[JSON] - from Sent Data:
{
    "data": {
        "type": "exit_dialogue"
    },
    "receiver": "vesna",
    "sender": "body",
    "type": "regia_event"
}
[JSON] - from Received Raw Message:
{
    "data": {
        "text": "Hurry back!"
    },
    "type": "utter"
}
sci queued utterance: 'Hurry back!' (Queue size: 1)
sci is saying: 'Hurry back!' (3s timer started)
cop spotted Player, emitting: sighted_player
[JSON] - from Sent Data:
{
    "data": {
        "type": "sighted_player"
    },
    "receiver": "vesna",
    "sender": "body",
    "type": "regia_event"
}
[JSON] - from Received Raw Message:
{
    "data": {
        "text": "Quiet day on patrol."
    },
    "type": "utter"
}
cop queued utterance: 'Quiet day on patrol.' (Queue size: 1)
cop is saying: 'Quiet day on patrol.' (3s timer started)
sci finished speaking.
cop finished speaking.
dog reached wander target! Starting timer...
dog spotted Player, emitting: sighted_player
[JSON] - from Sent Data:
{
    "data": {
        "type": "sighted_player"
    },
    "receiver": "vesna",
    "sender": "body",
    "type": "regia_event"
}
[JSON] - from Received Raw Message:
{
    "data": {
        "text": "*Woof!*"
    },
    "type": "utter"
}
dog queued utterance: '*Woof!*' (Queue size: 1)
dog is saying: '*Woof!*' (3s timer started)
Raycast hit: dog
[JSON] - from Sent Data:
{
    "data": {
        "type": "player_greet"
    },
    "receiver": "vesna",
    "sender": "body",
    "type": "regia_event"
}
[JSON] - from Received Raw Message:
{
    "data": {
        "text": "*Woof*"
    },
    "type": "set_dialogue_text"
}
dog received new dialogue text: *Woof*
[JSON] - from Received Raw Message:
{
    "data": {},
    "type": "clear_dialogue_options"
}
dog cleared dialogue options.
[JSON] - from Received Raw Message:
{
    "data": {
        "options": [
            {
                "close_on_select": false,
                "event": "ask_dog_bone",
                "id": "opt_ask_bone",
                "text": "Give me the bone."
            }
        ]
    },
    "type": "add_dialogue_options"
}
dog added options. Total options: 1
[JSON] - from Received Raw Message:
{
    "data": {
        "options": [
            {
                "close_on_select": true,
                "event": "exit_dialogue",
                "id": "opt_exit",
                "text": "Goodbye."
            }
        ]
    },
    "type": "add_dialogue_options"
}
dog added options. Total options: 2
[JSON] - from Sent Data:
{
    "data": {
        "type": "ask_dog_bone"
    },
    "receiver": "vesna",
    "sender": "body",
    "type": "regia_event"
}
[JSON] - from Received Raw Message:
{
    "data": {
        "text": "*Woof!* (Drops bone)"
    },
    "type": "utter"
}
dog queued utterance: '*Woof!* (Drops bone)' (Queue size: 1)
[JSON] - from Received Raw Message:
{
    "data": {
        "id": "opt_ask_bone"
    },
    "type": "remove_dialogue_option"
}
dog removed dialogue option: opt_ask_bone
[JSON] - from Received Raw Message:
{
    "data": {
        "item": "bone"
    },
    "type": "add_item"
}
[JSON] - from Sent Data:
{
    "data": {
        "type": "exit_dialogue"
    },
    "receiver": "vesna",
    "sender": "body",
    "type": "regia_event"
}
dog finished speaking.
dog is saying: '*Woof!* (Drops bone)' (3s timer started)
dog finished speaking.
sci spotted Player, emitting: sighted_player
[JSON] - from Sent Data:
{
    "data": {
        "type": "sighted_player"
    },
    "receiver": "vesna",
    "sender": "body",
    "type": "regia_event"
}
[JSON] - from Received Raw Message:
{
    "data": {
        "text": "Chop chop! I need that sturdy bone!"
    },
    "type": "utter"
}
sci queued utterance: 'Chop chop! I need that sturdy bone!' (Queue size: 1)
sci is saying: 'Chop chop! I need that sturdy bone!' (3s timer started)
Raycast hit: sci
[JSON] - from Sent Data:
{
    "data": {
        "type": "player_greet"
    },
    "receiver": "vesna",
    "sender": "body",
    "type": "regia_event"
}
[JSON] - from Received Raw Message:
{
    "data": {
        "text": "Excellent. Now I require a sturdy bone."
    },
    "type": "set_dialogue_text"
}
sci received new dialogue text: Excellent. Now I require a sturdy bone.
[JSON] - from Received Raw Message:
{
    "data": {},
    "type": "clear_dialogue_options"
}
sci cleared dialogue options.
[JSON] - from Received Raw Message:
{
    "data": {
        "options": [
            {
                "close_on_select": false,
                "event": "give_bone",
                "id": "opt_give_bone",
                "text": "Here is the bone."
            }
        ]
    },
    "type": "add_dialogue_options"
}
sci added options. Total options: 1
[JSON] - from Received Raw Message:
{
    "data": {
        "options": [
            {
                "close_on_select": true,
                "event": "exit_dialogue",
                "id": "opt_exit",
                "text": "Goodbye."
            }
        ]
    },
    "type": "add_dialogue_options"
}
sci added options. Total options: 2
[JSON] - from Sent Data:
{
    "data": {
        "type": "give_bone"
    },
    "receiver": "vesna",
    "sender": "body",
    "type": "regia_event"
}
[JSON] - from Received Raw Message:
{
    "data": {
        "item": "bone"
    },
    "type": "remove_item"
}
[JSON] - from Received Raw Message:
{
    "data": {
        "text": "Finally... bring me a fresh corpse."
    },
    "type": "set_dialogue_text"
}
sci received new dialogue text: Finally... bring me a fresh corpse.
[JSON] - from Received Raw Message:
{
    "data": {},
    "type": "clear_dialogue_options"
}
sci cleared dialogue options.
[JSON] - from Received Raw Message:
{
    "data": {
        "options": [
            {
                "close_on_select": true,
                "event": "exit_dialogue",
                "id": "opt_exit",
                "text": "Goodbye."
            }
        ]
    },
    "type": "add_dialogue_options"
}
sci added options. Total options: 1
sci finished speaking.
[JSON] - from Sent Data:
{
    "data": {
        "type": "exit_dialogue"
    },
    "receiver": "vesna",
    "sender": "body",
    "type": "regia_event"
}
[JSON] - from Received Raw Message:
{
    "data": {
        "text": "Don't come back empty handed!"
    },
    "type": "utter"
}
sci queued utterance: 'Don't come back empty handed!' (Queue size: 1)
sci is saying: 'Don't come back empty handed!' (3s timer started)
cop spotted Player, emitting: sighted_player
[JSON] - from Sent Data:
{
    "data": {
        "type": "sighted_player"
    },
    "receiver": "vesna",
    "sender": "body",
    "type": "regia_event"
}
[JSON] - from Received Raw Message:
{
    "data": {
        "text": "Something feels... off today."
    },
    "type": "utter"
}
cop queued utterance: 'Something feels... off today.' (Queue size: 1)
cop is saying: 'Something feels... off today.' (3s timer started)
Raycast hit: cop
[JSON] - from Sent Data:
{
    "data": {
        "type": "player_greet"
    },
    "receiver": "vesna",
    "sender": "body",
    "type": "regia_event"
}
[JSON] - from Received Raw Message:
{
    "data": {},
    "type": "clear_dialogue_options"
}
cop cleared dialogue options.
[JSON] - from Received Raw Message:
{
    "data": {
        "options": [
            {
                "close_on_select": false,
                "event": "denounce_corpse",
                "id": "opt_denounce",
                "text": "They want a fresh corpse!"
            }
        ]
    },
    "type": "add_dialogue_options"
}
cop added options. Total options: 1
[JSON] - from Received Raw Message:
{
    "data": {
        "options": [
            {
                "close_on_select": true,
                "event": "attack_cop",
                "id": "opt_attack",
                "text": "Die, copper!"
            }
        ]
    },
    "type": "add_dialogue_options"
}
cop added options. Total options: 2
[JSON] - from Received Raw Message:
{
    "data": {
        "options": [
            {
                "close_on_select": true,
                "event": "exit_dialogue",
                "id": "opt_exit",
                "text": "Goodbye."
            }
        ]
    },
    "type": "add_dialogue_options"
}
cop added options. Total options: 3
sci finished speaking.
[JSON] - from Sent Data:
{
    "data": {
        "type": "attack_cop"
    },
    "receiver": "vesna",
    "sender": "body",
    "type": "regia_event"
}
[JSON] - from Received Raw Message:
{
    "data": {
        "text": "What are you doing?! *Dies*"
    },
    "type": "utter"
}
cop queued utterance: 'What are you doing?! *Dies*' (Queue size: 1)
[JSON] - from Received Raw Message:
{
    "data": {
        "visible": false
    },
    "type": "set_visible"
}
cop visibility set to false
[JSON] - from Received Raw Message:
{
    "data": {
        "item": "corpse"
    },
    "type": "add_item"
}
Raycast hit: sci
[JSON] - from Sent Data:
{
    "data": {
        "type": "player_greet"
    },
    "receiver": "vesna",
    "sender": "body",
    "type": "regia_event"
}
[JSON] - from Received Raw Message:
{
    "data": {
        "text": "Finally... bring me a fresh corpse."
    },
    "type": "set_dialogue_text"
}
sci received new dialogue text: Finally... bring me a fresh corpse.
[JSON] - from Received Raw Message:
{
    "data": {},
    "type": "clear_dialogue_options"
}
sci cleared dialogue options.
[JSON] - from Received Raw Message:
{
    "data": {
        "options": [
            {
                "close_on_select": false,
                "event": "give_corpse",
                "id": "opt_give_corpse",
                "text": "Here is the corpse."
            }
        ]
    },
    "type": "add_dialogue_options"
}
sci added options. Total options: 1
[JSON] - from Received Raw Message:
{
    "data": {
        "options": [
            {
                "close_on_select": true,
                "event": "exit_dialogue",
                "id": "opt_exit",
                "text": "Goodbye."
            }
        ]
    },
    "type": "add_dialogue_options"
}
sci added options. Total options: 2
[JSON] - from Sent Data:
{
    "data": {
        "type": "give_corpse"
    },
    "receiver": "vesna",
    "sender": "body",
    "type": "regia_event"
}
[JSON] - from Received Raw Message:
{
    "data": {
        "item": "corpse"
    },
    "type": "remove_item"
}
[JSON] - from Received Raw Message:
{
    "data": {
        "text": "Experiment Complete! Mwahaha!"
    },
    "type": "set_dialogue_text"
}
sci received new dialogue text: Experiment Complete! Mwahaha!
[JSON] - from Received Raw Message:
{
    "data": {},
    "type": "clear_dialogue_options"
}
sci cleared dialogue options.
[JSON] - from Received Raw Message:
{
    "data": {
        "options": [
            {
                "close_on_select": true,
                "event": "finish_game",
                "id": "opt_exit",
                "text": "Goodbye."
            }
        ]
    },
    "type": "add_dialogue_options"
}
sci added options. Total options: 1
[JSON] - from Sent Data:
{
    "data": {
        "type": "finish_game"
    },
    "receiver": "vesna",
    "sender": "body",
    "type": "regia_event"
}
[JSON] - from Received Raw Message:
{
    "data": {
        "reason": "Victory"
    },
    "type": "trigger_game_over"
}
=========================================
GAME OVER! Reason: Victory
=========================================
