Godot Engine v4.7.1.stable.official.a13da4feb - https://godotengine.org
Vulkan 1.4.303 - Forward+ - Using Device #0: NVIDIA - NVIDIA GeForce GTX 1650 with Max-Q Design

Dialogue database loaded successfully. Found 3 nodes.
[MESSAGE] - from NetworkManager: Listening on port 9200
[MESSAGE] - from NetworkManager: Listening on port 9001
[MESSAGE] - from NetworkManager: New TCP connection accepted. Handshaking...
[MESSAGE] - from NetworkManager: WebSocket Handshake complete. Channel OPEN.
[MESSAGE] - from NetworkManager: New TCP connection accepted. Handshaking...
[MESSAGE] - from NetworkManager: WebSocket Handshake complete. Channel OPEN.
[JSON] - from Received Raw Message:
{
    "data": {
        "node": "test_features"
    },
    "type": "set_dialogue"
}
test_npc received new dialogue node: test_features
Raycast hit: test_npc
VEsNA SIMULATION -> Sent event to Jason: test_utter from test_npc
[JSON] - from Sent Data:
{
    "data": {
        "type": "test_utter"
    },
    "receiver": "vesna",
    "sender": "body",
    "type": "regia_event"
}
VEsNA SIMULATION -> Sent event to Jason: test_spawn from test_npc
[JSON] - from Sent Data:
{
    "data": {
        "type": "test_spawn"
    },
    "receiver": "vesna",
    "sender": "body",
    "type": "regia_event"
}
VEsNA SIMULATION -> Sent event to Jason: test_despawn from test_npc
[JSON] - from Sent Data:
{
    "data": {
        "type": "test_despawn"
    },
    "receiver": "vesna",
    "sender": "body",
    "type": "regia_event"
}
VEsNA SIMULATION -> Sent event to Jason: test_vanish from test_npc
[JSON] - from Sent Data:
{
    "data": {
        "type": "test_vanish"
    },
    "receiver": "vesna",
    "sender": "body",
    "type": "regia_event"
}
